------------------------------------------------------------
TimeQuest Timing Analyzer Summary
------------------------------------------------------------

Type  : Slow Model Setup 'clock_generator:BAUDRATE|clock_signal'
Slack : -4.197
TNS   : -158.286

Type  : Slow Model Setup 'clk'
Slack : -2.685
TNS   : -27.821

Type  : Slow Model Hold 'clk'
Slack : -2.536
TNS   : -2.536

Type  : Slow Model Hold 'clock_generator:BAUDRATE|clock_signal'
Slack : 0.499
TNS   : 0.000

Type  : Slow Model Minimum Pulse Width 'clk'
Slack : -1.941
TNS   : -22.717

Type  : Slow Model Minimum Pulse Width 'clock_generator:BAUDRATE|clock_signal'
Slack : -0.742
TNS   : -145.432

Type  : Fast Model Setup 'clock_generator:BAUDRATE|clock_signal'
Slack : -0.575
TNS   : -11.354

Type  : Fast Model Setup 'clk'
Slack : -0.245
TNS   : -1.247

Type  : Fast Model Hold 'clk'
Slack : -1.342
TNS   : -1.342

Type  : Fast Model Hold 'clock_generator:BAUDRATE|clock_signal'
Slack : 0.215
TNS   : 0.000

Type  : Fast Model Minimum Pulse Width 'clk'
Slack : -1.380
TNS   : -15.380

Type  : Fast Model Minimum Pulse Width 'clock_generator:BAUDRATE|clock_signal'
Slack : -0.500
TNS   : -98.000

------------------------------------------------------------
